// Jest Snapshot v1, https://goo.gl/fbAQLP

exports[`TimelineItem Active all 1`] = `
<ul
  className="projectsFilter"
>
  <FilterButton
    isActive={true}
    onClick={[Function]}
    type="all"
  >
    All Projects
  </FilterButton>
  <FilterButton
    isActive={false}
    onClick={[Function]}
    type="development"
  >
    Development
  </FilterButton>
  <FilterButton
    isActive={false}
    onClick={[Function]}
    type="design"
  >
    Design
  </FilterButton>
</ul>
`;

exports[`TimelineItem Active design 1`] = `
<ul
  className="projectsFilter"
>
  <FilterButton
    isActive={false}
    onClick={[Function]}
    type="all"
  >
    All Projects
  </FilterButton>
  <FilterButton
    isActive={false}
    onClick={[Function]}
    type="development"
  >
    Development
  </FilterButton>
  <FilterButton
    isActive={true}
    onClick={[Function]}
    type="design"
  >
    Design
  </FilterButton>
</ul>
`;

exports[`TimelineItem Active development 1`] = `
<ul
  className="projectsFilter"
>
  <FilterButton
    isActive={false}
    onClick={[Function]}
    type="all"
  >
    All Projects
  </FilterButton>
  <FilterButton
    isActive={true}
    onClick={[Function]}
    type="development"
  >
    Development
  </FilterButton>
  <FilterButton
    isActive={false}
    onClick={[Function]}
    type="design"
  >
    Design
  </FilterButton>
</ul>
`;
