// Jest Snapshot v1, https://goo.gl/fbAQLP

exports[`ParagraphField Snapshot 1`] = `
<div
  className="paragraphField"
>
  <p
    className="paragraphField__content"
    key="0"
  >
    strign content
  </p>
  <div
    className="paragraphField__content"
    key="1"
  >
    <p
      className="paragraphField__listHeader"
    >
      list header
    </p>
    <ul
      className="paragraphField__list"
    >
      <li
        className="paragraphField__listItem"
        key="0"
      >
        item1
      </li>
      <li
        className="paragraphField__listItem"
        key="1"
      >
        item2
      </li>
      <li
        className="paragraphField__listItem"
        key="2"
      >
        item3
      </li>
    </ul>
  </div>
</div>
`;
