// Jest Snapshot v1, https://goo.gl/fbAQLP

exports[`CoverImage Snapshot 1`] = `
<div
  className="coverImage"
  style={
    Object {
      "backgroundImage": "url(undefined)",
    }
  }
>
  <div
    className="coverImage__text"
  >
    <h1
      className="coverImage__title"
    >
      name
    </h1>
    <h2
      className="coverImage__subtitle"
    >
      title
    </h2>
    <a
      className="coverImage__resumeLink"
      href="resume.url"
      rel="noopener noreferrer"
      target="_blank"
    >
      Printable CV
    </a>
  </div>
  <div
    className="coverImage__contacts"
  >
    <_default
      className="coverImage__contactsItem"
      key="0"
      style={
        Object {
          "animationDelay": "300ms",
        }
      }
      type="type1"
      url="url1"
    />
    <_default
      className="coverImage__contactsItem"
      key="1"
      style={
        Object {
          "animationDelay": "400ms",
        }
      }
      type="type2"
      url="url2"
    />
  </div>
</div>
`;
