// Jest Snapshot v1, https://goo.gl/fbAQLP

exports[`ProjectsContainer Snapshot 1`] = `
<ProjectsSection
  projects={
    Array [
      Object {
        "coverImage": "https://picsum.photos/4312/2668",
        "id": "ftp-serivce",
        "longStack": Array [
          ".NET Framework",
          "C#",
          "Windows Service",
          "Windows OS",
          "Linux OS",
        ],
        "partner": Array [
          Object {
            "name": "OLSOM LLC",
            "url": "http://olsom.net/",
          },
        ],
        "projectDescription": "Multi-threaded windows service that transfers files locally and/or remotely via FTP protocol and is configured with *.ini file. All the service events, faults, warnings are logged into local txt file and windows system log.",
        "projectType": "development",
        "shortStack": ".NET Framework",
        "teamSize": "2 people",
        "title": "FTP File Transfer Service",
      },
      Object {
        "coverImage": "https://picsum.photos/4312/2869",
        "id": "cardboard-prod",
        "longStack": Array [
          "Ladder Logic",
          "Microsoft Visio",
        ],
        "partner": Array [
          Object {
            "name": "OLSOM LLC",
            "url": "http://olsom.net/",
          },
          Object {
            "name": "Agile Automation Technology LLC  ",
            "url": "http://www.agileautomation.net/",
          },
        ],
        "projectDescription": "Reverse engineering of ladder-logic based corrugated industrial cardboard production software to get complete networking system. System was developed using ladder logic so I had to understand what is going on there and then create a bunch of technical documentation of how this system works.",
        "projectType": "development",
        "shortStack": "Ladder Logic",
        "teamSize": "2 people",
        "title": "Corrugated Cardboard Production System",
      },
    ]
  }
/>
`;
