// Jest Snapshot v1, https://goo.gl/fbAQLP

exports[`AboutSection Snapshot 1`] = `
<div
  className="aboutSection"
  id="about"
>
  <_default
    contacts={
      Array [
        Object {
          "type": "type1",
          "url": "url1",
        },
        Object {
          "type": "type2",
          "url": "url2",
        },
      ]
    }
    name="name"
    resumeUrl="resume.url"
    title="title"
  />
  <div
    className="aboutSection__titleText"
  >
    <h1
      className="aboutSection__title"
    >
      name
    </h1>
    <h2
      className="aboutSection__subtitle"
    >
      title
    </h2>
    <a
      className="aboutSection__resumeLink"
      href="resume.url"
      rel="noopener noreferrer"
      target="_blank"
    >
      Printable CV
    </a>
  </div>
  <div
    className="aboutSection__introduction"
  >
    <_default
      className="aboutSection__introductionParagraph"
      key="0"
    >
      introduction string 1
    </_default>
    <_default
      className="aboutSection__introductionParagraph"
      key="1"
    >
      introduction string 2
    </_default>
  </div>
  <div
    className="aboutSection__rightColumn"
  >
    <p
      className="aboutSection__availabilityLabel"
    >
      Available for work:
       
      <span
        className="aboutSection__availabilityDate"
      >
        availability information
      </span>
    </p>
  </div>
  <div
    className="aboutSection__portfolioStack"
  >
    <p>
      This site is created using:
    </p>
    <p>
      item1, item2
    </p>
    <a
      className="aboutSection__portfolioRepository"
      href="project repo"
      rel="noopener noreferrer"
      target="_blank"
    >
      project repo
    </a>
  </div>
</div>
`;
