// Jest Snapshot v1, https://goo.gl/fbAQLP

exports[`ContactForm Snapshot 1`] = `
<div
  className="contactForm"
>
  <h2
    className="contactForm__title"
  >
    Contact Me
  </h2>
  <form
    action="https://formspree.io/alexkachan.lutsk@gmail.com"
    autoComplete="off"
    className="contactForm__form"
    method="post"
  >
    <div>
      <_default
        fieldName="name"
        label="Your name"
        required={true}
      />
      <_default
        fieldName="email"
        label="Your email"
        required={true}
        type="email"
      />
    </div>
    <_default
      fieldName="message"
      label="Your message"
      required={true}
    />
    <_default
      isSubmit={true}
      onClick={[Function]}
      type="gold"
    >
      Submit
    </_default>
  </form>
</div>
`;
