// Jest Snapshot v1, https://goo.gl/fbAQLP

exports[`ProjectCard Snapshot 1`] = `
<div
  className="projectCard"
  style={
    Object {
      "backgroundColor": "#fff",
    }
  }
>
  <img
    alt=""
    className="projectCard__coverImage"
    src="imageUrl"
  />
  <div
    className="projectCard__projectInfo"
    style={
      Object {
        "backgroundColor": "#fff",
        "color": "#fff",
      }
    }
  >
    <h3
      className="projectCard__title"
    >
      AGW MES / WMS for automotive industry
    </h3>
    <div
      className="projectCard__stackList"
    >
      <_default
        className="projectCard__stackItem"
        type="light"
      >
        .NET Framework
      </_default>
    </div>
    <p
      className="projectCard__description"
    >
      description
    </p>
    <Link
      className="projectCard__button"
      to="projects/id"
    >
      <_default
        onClick={[Function]}
        type="white"
      >
        See More
      </_default>
    </Link>
  </div>
</div>
`;
