// Jest Snapshot v1, https://goo.gl/fbAQLP

exports[`MenuIconToggle Snapshot 1`] = `
<Fragment>
  <input
    className="navigation__input"
    id="navigation__input"
    type="checkbox"
  />
  <label
    className="navigation__menuButton"
    htmlFor="navigation__input"
  >
    <i
      className="navigation__menuButtonLine"
    />
    <i
      className="navigation__menuButtonLine"
    />
    <i
      className="navigation__menuButtonLine"
    />
  </label>
</Fragment>
`;
