// Jest Snapshot v1, https://goo.gl/fbAQLP

exports[`TimelineSection Snapshot 1`] = `
<div
  className="experienceTimelineSection"
  id="education"
>
  <h2
    className="experienceTimelineSection__title"
  >
    Education & Experience
  </h2>
  <div
    className="experienceTimelineSection__timeline"
  >
    <_default
      detailedItem={
        Object {
          "dates": "2017-2019",
          "degree": "Ontario Graduate Certificate",
          "department": "School of Media Studies & Information Technology",
          "id": "humber",
          "program": "Information Technology Solutions",
          "school": "The Humber Institute of Technology and Advanced Learning",
        }
      }
      index={0}
      item={
        Object {
          "dates": "2017-2019",
          "subtitle": "Ontario Graduate Certificate",
          "title": "The Humber Institute of Technology and Advanced Learning",
          "type": "education",
        }
      }
      key="0"
      side="left"
    />
    <_default
      detailedItem={
        Object {
          "companyTitle": "OLSOM L.L.C",
          "dates": "2017",
          "id": "olsom",
          "position": "Software Engineer",
          "projects": Array [
            "agw",
            "ftp-service",
            "tdm",
            "cardboard-prod",
          ],
          "responsibilities": Array [
            "Development and support of the company's products: AGW modular complex solution for automotive industry; TDM (Tools Data Manager) for automotive industry",
            "Development and support of the client projects based on company's products (1-3-tier automotive manufacturers (Volkswagen, Opel, Tesla, etc.)",
            "Development of outsourced minor projects",
            "Development of internal tools",
          ],
        }
      }
      index={1}
      item={
        Object {
          "dates": "2017",
          "subtitle": "Software Engineer",
          "title": "OLSOM L.L.C",
          "type": "work",
        }
      }
      key="1"
      side="right"
    />
    <_default
      detailedItem={
        Object {
          "companyTitle": "rLoop Incorporated",
          "dates": "2016-2017",
          "id": "rloop",
          "position": "Software and Systems Engineer",
          "projects": Array [
            "rpod",
          ],
          "responsibilities": Array [
            "Software & System engineering",
            "UI & UX Design & Development",
          ],
        }
      }
      index={2}
      item={
        Object {
          "dates": "2016-2017",
          "subtitle": "Software and Systems Engineer",
          "title": "rLoop Incorporated",
          "type": "work",
        }
      }
      key="2"
      side="left"
    />
    <_default
      detailedItem={
        Object {
          "companyTitle": "Ltd. \\"Kontynium-Treyd\\"",
          "dates": "2014",
          "id": "kontynium-treyd",
          "position": "Technician Programmer of administrative and economic department",
          "responsibilities": Array [
            "System administration of the enterprise using 1C: Enterprise (ERP-like platform)",
            "Maintenance of computers, peripheral and specialized equipment (common printers, Zebra printers, electronic scales, fiscal cash registers, etc.)",
          ],
        }
      }
      index={3}
      item={
        Object {
          "dates": "2014",
          "subtitle": "Technician Programmer of administrative and economic department",
          "title": "Ltd. \\"Kontynium-Treyd\\"",
          "type": "work",
        }
      }
      key="3"
      side="right"
    />
    <_default
      detailedItem={
        Object {
          "dates": "2013-2017",
          "degree": "Bachelor of Software Engineering",
          "department": "Faculty of Informatics and Computer Science, Department of Technical Cybernetics",
          "id": "kpi",
          "program": "Software Engineering",
          "school": "National Technical University of Ukraine \\"Kyiv Polytechnic Institute\\"",
        }
      }
      index={4}
      item={
        Object {
          "dates": "2013-2017",
          "subtitle": "Bachelor of Software Engineering",
          "title": "National Technical University of Ukraine \\"Kyiv Polytechnic Institute\\"",
          "type": "education",
        }
      }
      key="4"
      side="left"
    />
  </div>
</div>
`;
