// Jest Snapshot v1, https://goo.gl/fbAQLP

exports[`Header Snapshot 1`] = `
<header
  className="header"
  id="header"
>
  <Navigation
    navigationItems={
      Array [
        Object {
          "isSelected": false,
          "key": "mi_education",
          "sectionUrl": "/experience",
          "title": "Education & Experience",
        },
        Object {
          "isSelected": false,
          "key": "mi_contact",
          "sectionUrl": "/contact",
          "title": "Contact",
        },
      ]
    }
    onLinkClick={[Function]}
  />
</header>
`;
