// Jest Snapshot v1, https://goo.gl/fbAQLP

exports[`ExperienceTimelineSection Snapshot 1`] = `
<div
  className="experienceTimelineSection"
  id="education"
>
  <h2
    className="experienceTimelineSection__title"
  >
    Education & Experience
  </h2>
  <div
    className="experienceTimelineSection__timeline"
  >
    <_default
      index={0}
      item={
        Object {
          "dates": "Dates-education-left",
          "subtitle": "Subtitle-education-left",
          "title": "Title-education-left",
          "type": "education",
        }
      }
      key="0"
      side="left"
    />
    <_default
      index={1}
      item={
        Object {
          "dates": "Dates-education-right",
          "subtitle": "Subtitle-education-right",
          "title": "Title-education-right",
          "type": "education",
        }
      }
      key="1"
      side="right"
    />
    <_default
      index={2}
      item={
        Object {
          "dates": "Dates-work-left",
          "subtitle": "Subtitle-work-left",
          "title": "Title-work-left",
          "type": "work",
        }
      }
      key="2"
      side="left"
    />
    <_default
      index={3}
      item={
        Object {
          "dates": "Dates-work-right",
          "subtitle": "Subtitle-work-right",
          "title": "Title-work-right",
          "type": "work",
        }
      }
      key="3"
      side="right"
    />
  </div>
</div>
`;
