// Jest Snapshot v1, https://goo.gl/fbAQLP

exports[`Navigation Snapshot 1`] = `
<nav
  className="header__navigation navigation"
>
  <_default />
  <_default />
  <NavigationList
    navigationItems={
      Array [
        Object {
          "isSelected": false,
          "key": "mi_education",
          "sectionUrl": "/experience",
          "title": "Education & Experience",
        },
        Object {
          "isSelected": false,
          "key": "mi_contact",
          "sectionUrl": "/contact",
          "title": "Contact",
        },
      ]
    }
    onLinkClick={[Function]}
  />
</nav>
`;
