// Jest Snapshot v1, https://goo.gl/fbAQLP

exports[`ContactSection Snapshot 1`] = `
<div
  className="contactSection"
  id="contact"
>
  <h2
    className="contactSection__title"
  >
    Get In Touch
  </h2>
  <div
    className="contactSection__content"
  >
    <div
      className="contactSection__contactColumn"
    >
      <_default />
    </div>
    <div
      className="contactSection__contactColumn"
    >
      <_default
        contacts={
          Object {
            "email": "email",
            "location": "location",
            "phone": "phone number",
          }
        }
      />
    </div>
  </div>
</div>
`;
