// Jest Snapshot v1, https://goo.gl/fbAQLP

exports[`UrlListField Snapshot 1`] = `
<div
  className="urlListField urlListField_row"
>
  <p
    className="urlListField__label"
  >
    label
    :
  </p>
  <ul
    className="urlListField__list"
  >
    <li
      className="urlListField__listItem"
      key="item1"
    >
      <a
        className="urlListField__url"
        href="url1"
        target="_blank"
      >
        item1
      </a>
    </li>
    <li
      className="urlListField__listItem"
      key="item2"
    >
      <a
        className="urlListField__url"
        href="url2"
        target="_blank"
      >
        item2
      </a>
    </li>
    <li
      className="urlListField__listItem"
      key="item3"
    >
      item3
    </li>
  </ul>
</div>
`;
